// Vitest Snapshot v1, https://vitest.dev/guide/snapshot.html

exports[`createMojiMessage > returns encoded message 1`] = `
"⚪️⚪️⚪️⚪️⚪️⚪️⚪️
⚪️⚪️🔴🔴🔴⚪️⚪️
⚪️🔴⚪️⚪️⚪️🔴⚪️
⚪️🔴⚪️⚪️⚪️🔴⚪️
⚪️🔴🔴🔴🔴🔴⚪️
⚪️🔴⚪️⚪️⚪️🔴⚪️
⚪️🔴⚪️⚪️⚪️🔴⚪️
⚪️🔴⚪️⚪️⚪️🔴⚪️
⚪️⚪️⚪️⚪️⚪️⚪️⚪️
⚪️⚪️⚪️⚪️⚪️⚪️⚪️
⚪️🔴🔴🔴🔴⚪️⚪️
⚪️🔴⚪️⚪️⚪️🔴⚪️
⚪️🔴⚪️⚪️⚪️🔴⚪️
⚪️🔴🔴🔴🔴⚪️⚪️
⚪️🔴⚪️⚪️⚪️🔴⚪️
⚪️🔴⚪️⚪️⚪️🔴⚪️
⚪️🔴🔴🔴🔴⚪️⚪️
⚪️⚪️⚪️⚪️⚪️⚪️⚪️
⚪️⚪️⚪️⚪️⚪️⚪️⚪️
⚪️🔴🔴🔴🔴🔴⚪️
⚪️🔴⚪️⚪️⚪️⚪️⚪️
⚪️🔴⚪️⚪️⚪️⚪️⚪️
⚪️🔴⚪️⚪️⚪️⚪️⚪️
⚪️🔴⚪️⚪️⚪️⚪️⚪️
⚪️🔴⚪️⚪️⚪️⚪️⚪️
⚪️🔴🔴🔴🔴🔴⚪️
⚪️⚪️⚪️⚪️⚪️⚪️⚪️
⚪️⚪️⚪️⚪️⚪️⚪️⚪️
⚪️🔴🔴🔴🔴⚪️⚪️
⚪️🔴⚪️⚪️⚪️🔴⚪️
⚪️🔴⚪️⚪️⚪️🔴⚪️
⚪️🔴⚪️⚪️⚪️🔴⚪️
⚪️🔴⚪️⚪️⚪️🔴⚪️
⚪️🔴⚪️⚪️⚪️🔴⚪️
⚪️🔴🔴🔴🔴⚪️⚪️
⚪️⚪️⚪️⚪️⚪️⚪️⚪️
⚪️⚪️⚪️⚪️⚪️⚪️⚪️
⚪️🔴🔴🔴🔴🔴⚪️
⚪️🔴⚪️⚪️⚪️⚪️⚪️
⚪️🔴⚪️⚪️⚪️⚪️⚪️
⚪️🔴🔴🔴🔴⚪️⚪️
⚪️🔴⚪️⚪️⚪️⚪️⚪️
⚪️🔴⚪️⚪️⚪️⚪️⚪️
⚪️🔴🔴🔴🔴🔴⚪️
⚪️⚪️⚪️⚪️⚪️⚪️⚪️
⚪️⚪️⚪️⚪️⚪️⚪️⚪️
⚪️🔴🔴🔴🔴🔴⚪️
⚪️🔴⚪️⚪️⚪️⚪️⚪️
⚪️🔴⚪️⚪️⚪️⚪️⚪️
⚪️🔴🔴🔴🔴⚪️⚪️
⚪️🔴⚪️⚪️⚪️⚪️⚪️
⚪️🔴⚪️⚪️⚪️⚪️⚪️
⚪️🔴⚪️⚪️⚪️⚪️⚪️
⚪️⚪️⚪️⚪️⚪️⚪️⚪️
⚪️⚪️⚪️⚪️⚪️⚪️⚪️
⚪️⚪️🔴🔴🔴🔴⚪️
⚪️🔴⚪️⚪️⚪️⚪️⚪️
⚪️🔴⚪️⚪️⚪️⚪️⚪️
⚪️🔴⚪️🔴🔴⚪️⚪️
⚪️🔴⚪️⚪️⚪️🔴⚪️
⚪️🔴⚪️⚪️⚪️🔴⚪️
⚪️⚪️🔴🔴🔴⚪️⚪️
⚪️⚪️⚪️⚪️⚪️⚪️⚪️
⚪️⚪️⚪️⚪️⚪️⚪️⚪️
⚪️🔴⚪️⚪️⚪️🔴⚪️
⚪️🔴⚪️⚪️⚪️🔴⚪️
⚪️🔴⚪️⚪️⚪️🔴⚪️
⚪️🔴🔴🔴🔴🔴⚪️
⚪️🔴⚪️⚪️⚪️🔴⚪️
⚪️🔴⚪️⚪️⚪️🔴⚪️
⚪️🔴⚪️⚪️⚪️🔴⚪️
⚪️⚪️⚪️⚪️⚪️⚪️⚪️
⚪️⚪️⚪️⚪️⚪️⚪️⚪️
⚪️🔴🔴🔴🔴🔴⚪️
⚪️⚪️⚪️🔴⚪️⚪️⚪️
⚪️⚪️⚪️🔴⚪️⚪️⚪️
⚪️⚪️⚪️🔴⚪️⚪️⚪️
⚪️⚪️⚪️🔴⚪️⚪️⚪️
⚪️⚪️⚪️🔴⚪️⚪️⚪️
⚪️🔴🔴🔴🔴🔴⚪️
⚪️⚪️⚪️⚪️⚪️⚪️⚪️
⚪️⚪️⚪️⚪️⚪️⚪️⚪️
⚪️⚪️⚪️⚪️⚪️🔴⚪️
⚪️⚪️⚪️⚪️⚪️🔴⚪️
⚪️⚪️⚪️⚪️⚪️🔴⚪️
⚪️⚪️⚪️⚪️⚪️🔴⚪️
⚪️⚪️⚪️⚪️⚪️🔴⚪️
⚪️🔴⚪️⚪️⚪️🔴⚪️
⚪️⚪️🔴🔴🔴⚪️⚪️
⚪️⚪️⚪️⚪️⚪️⚪️⚪️
⚪️⚪️⚪️⚪️⚪️⚪️⚪️
⚪️🔴⚪️⚪️⚪️🔴⚪️
⚪️🔴⚪️⚪️🔴⚪️⚪️
⚪️🔴⚪️🔴⚪️⚪️⚪️
⚪️🔴🔴⚪️⚪️⚪️⚪️
⚪️🔴⚪️🔴⚪️⚪️⚪️
⚪️🔴⚪️⚪️🔴⚪️⚪️
⚪️🔴⚪️⚪️⚪️🔴⚪️
⚪️⚪️⚪️⚪️⚪️⚪️⚪️
⚪️⚪️⚪️⚪️⚪️⚪️⚪️
⚪️🔴⚪️⚪️⚪️⚪️⚪️
⚪️🔴⚪️⚪️⚪️⚪️⚪️
⚪️🔴⚪️⚪️⚪️⚪️⚪️
⚪️🔴⚪️⚪️⚪️⚪️⚪️
⚪️🔴⚪️⚪️⚪️⚪️⚪️
⚪️🔴⚪️⚪️⚪️⚪️⚪️
⚪️🔴🔴🔴🔴🔴⚪️
⚪️⚪️⚪️⚪️⚪️⚪️⚪️
⚪️⚪️⚪️⚪️⚪️⚪️⚪️
⚪️🔴⚪️⚪️⚪️🔴⚪️
⚪️🔴🔴⚪️🔴🔴⚪️
⚪️🔴⚪️🔴⚪️🔴⚪️
⚪️🔴⚪️🔴⚪️🔴⚪️
⚪️🔴⚪️⚪️⚪️🔴⚪️
⚪️🔴⚪️⚪️⚪️🔴⚪️
⚪️🔴⚪️⚪️⚪️🔴⚪️
⚪️⚪️⚪️⚪️⚪️⚪️⚪️
⚪️⚪️⚪️⚪️⚪️⚪️⚪️
⚪️🔴⚪️⚪️⚪️🔴⚪️
⚪️🔴🔴⚪️⚪️🔴⚪️
⚪️🔴⚪️🔴⚪️🔴⚪️
⚪️🔴⚪️🔴⚪️🔴⚪️
⚪️🔴⚪️🔴⚪️🔴⚪️
⚪️🔴⚪️⚪️🔴🔴⚪️
⚪️🔴⚪️⚪️⚪️🔴⚪️
⚪️⚪️⚪️⚪️⚪️⚪️⚪️
⚪️⚪️⚪️⚪️⚪️⚪️⚪️
⚪️⚪️🔴🔴🔴⚪️⚪️
⚪️🔴⚪️⚪️⚪️🔴⚪️
⚪️🔴⚪️⚪️⚪️🔴⚪️
⚪️🔴⚪️⚪️⚪️🔴⚪️
⚪️🔴⚪️⚪️⚪️🔴⚪️
⚪️🔴⚪️⚪️⚪️🔴⚪️
⚪️⚪️🔴🔴🔴⚪️⚪️
⚪️⚪️⚪️⚪️⚪️⚪️⚪️
⚪️⚪️⚪️⚪️⚪️⚪️⚪️
⚪️🔴🔴🔴🔴⚪️⚪️
⚪️🔴⚪️⚪️⚪️🔴⚪️
⚪️🔴⚪️⚪️⚪️🔴⚪️
⚪️🔴🔴🔴🔴⚪️⚪️
⚪️🔴⚪️⚪️⚪️⚪️⚪️
⚪️🔴⚪️⚪️⚪️⚪️⚪️
⚪️🔴⚪️⚪️⚪️⚪️⚪️
⚪️⚪️⚪️⚪️⚪️⚪️⚪️
⚪️⚪️⚪️⚪️⚪️⚪️⚪️
⚪️⚪️🔴🔴🔴⚪️⚪️
⚪️🔴⚪️⚪️⚪️🔴⚪️
⚪️🔴⚪️⚪️⚪️🔴⚪️
⚪️🔴⚪️⚪️⚪️🔴⚪️
⚪️🔴⚪️⚪️⚪️🔴⚪️
⚪️🔴⚪️⚪️🔴🔴⚪️
⚪️⚪️🔴🔴🔴🔴⚪️
⚪️⚪️⚪️⚪️⚪️⚪️⚪️
⚪️⚪️⚪️⚪️⚪️⚪️⚪️
⚪️🔴🔴🔴🔴⚪️⚪️
⚪️🔴⚪️⚪️⚪️🔴⚪️
⚪️🔴⚪️⚪️⚪️🔴⚪️
⚪️🔴🔴🔴🔴⚪️⚪️
⚪️🔴⚪️🔴⚪️⚪️⚪️
⚪️🔴⚪️⚪️🔴⚪️⚪️
⚪️🔴⚪️⚪️⚪️🔴⚪️
⚪️⚪️⚪️⚪️⚪️⚪️⚪️
⚪️⚪️⚪️⚪️⚪️⚪️⚪️
⚪️🔴🔴🔴🔴🔴⚪️
⚪️🔴⚪️⚪️⚪️⚪️⚪️
⚪️🔴⚪️⚪️⚪️⚪️⚪️
⚪️🔴🔴🔴🔴🔴⚪️
⚪️⚪️⚪️⚪️⚪️🔴⚪️
⚪️⚪️⚪️⚪️⚪️🔴⚪️
⚪️🔴🔴🔴🔴🔴⚪️
⚪️⚪️⚪️⚪️⚪️⚪️⚪️
⚪️⚪️⚪️⚪️⚪️⚪️⚪️
⚪️🔴🔴🔴🔴🔴⚪️
⚪️⚪️⚪️🔴⚪️⚪️⚪️
⚪️⚪️⚪️🔴⚪️⚪️⚪️
⚪️⚪️⚪️🔴⚪️⚪️⚪️
⚪️⚪️⚪️🔴⚪️⚪️⚪️
⚪️⚪️⚪️🔴⚪️⚪️⚪️
⚪️⚪️⚪️🔴⚪️⚪️⚪️
⚪️⚪️⚪️⚪️⚪️⚪️⚪️
⚪️⚪️⚪️⚪️⚪️⚪️⚪️
⚪️🔴⚪️⚪️⚪️🔴⚪️
⚪️🔴⚪️⚪️⚪️🔴⚪️
⚪️🔴⚪️⚪️⚪️🔴⚪️
⚪️🔴⚪️⚪️⚪️🔴⚪️
⚪️🔴⚪️⚪️⚪️🔴⚪️
⚪️🔴⚪️⚪️⚪️🔴⚪️
⚪️🔴🔴🔴🔴🔴⚪️
⚪️⚪️⚪️⚪️⚪️⚪️⚪️
⚪️⚪️⚪️⚪️⚪️⚪️⚪️
⚪️🔴⚪️⚪️⚪️🔴⚪️
⚪️🔴⚪️⚪️⚪️🔴⚪️
⚪️🔴⚪️⚪️⚪️🔴⚪️
⚪️🔴⚪️⚪️⚪️🔴⚪️
⚪️🔴⚪️⚪️⚪️🔴⚪️
⚪️⚪️🔴⚪️🔴⚪️⚪️
⚪️⚪️⚪️🔴⚪️⚪️⚪️
⚪️⚪️⚪️⚪️⚪️⚪️⚪️
⚪️⚪️⚪️⚪️⚪️⚪️⚪️
⚪️🔴⚪️⚪️⚪️🔴⚪️
⚪️🔴⚪️⚪️⚪️🔴⚪️
⚪️🔴⚪️⚪️⚪️🔴⚪️
⚪️🔴⚪️🔴⚪️🔴⚪️
⚪️🔴⚪️🔴⚪️🔴⚪️
⚪️🔴🔴⚪️🔴🔴⚪️
⚪️🔴⚪️⚪️⚪️🔴⚪️
⚪️⚪️⚪️⚪️⚪️⚪️⚪️
⚪️⚪️⚪️⚪️⚪️⚪️⚪️
⚪️🔴⚪️⚪️⚪️🔴⚪️
⚪️⚪️🔴⚪️🔴⚪️⚪️
⚪️⚪️⚪️🔴⚪️⚪️⚪️
⚪️⚪️⚪️🔴⚪️⚪️⚪️
⚪️⚪️⚪️🔴⚪️⚪️⚪️
⚪️⚪️🔴⚪️🔴⚪️⚪️
⚪️🔴⚪️⚪️⚪️🔴⚪️
⚪️⚪️⚪️⚪️⚪️⚪️⚪️
⚪️⚪️⚪️⚪️⚪️⚪️⚪️
⚪️🔴⚪️⚪️⚪️🔴⚪️
⚪️🔴⚪️⚪️⚪️🔴⚪️
⚪️⚪️🔴⚪️🔴⚪️⚪️
⚪️⚪️⚪️🔴⚪️⚪️⚪️
⚪️⚪️⚪️🔴⚪️⚪️⚪️
⚪️⚪️⚪️🔴⚪️⚪️⚪️
⚪️⚪️⚪️🔴⚪️⚪️⚪️
⚪️⚪️⚪️⚪️⚪️⚪️⚪️
⚪️⚪️⚪️⚪️⚪️⚪️⚪️
⚪️🔴🔴🔴🔴🔴⚪️
⚪️⚪️⚪️⚪️⚪️🔴⚪️
⚪️⚪️⚪️⚪️🔴⚪️⚪️
⚪️⚪️⚪️🔴⚪️⚪️⚪️
⚪️⚪️🔴⚪️⚪️⚪️⚪️
⚪️🔴⚪️⚪️⚪️⚪️⚪️
⚪️🔴🔴🔴🔴🔴⚪️
⚪️⚪️⚪️⚪️⚪️⚪️⚪️
⚪️⚪️⚪️⚪️⚪️⚪️⚪️
⚪️⚪️⚪️⚪️⚪️⚪️⚪️
⚪️⚪️⚪️⚪️⚪️⚪️⚪️
⚪️⚪️⚪️⚪️⚪️⚪️⚪️
⚪️⚪️⚪️⚪️⚪️⚪️⚪️
⚪️⚪️⚪️⚪️⚪️⚪️⚪️
⚪️⚪️🔴🔴🔴⚪️⚪️
⚪️🔴⚪️⚪️⚪️🔴⚪️
⚪️⚪️⚪️⚪️🔴⚪️⚪️
⚪️⚪️⚪️🔴⚪️⚪️⚪️
⚪️⚪️⚪️🔴⚪️⚪️⚪️
⚪️⚪️⚪️⚪️⚪️⚪️⚪️
⚪️⚪️⚪️🔴⚪️⚪️⚪️
⚪️⚪️⚪️⚪️⚪️⚪️⚪️
⚪️⚪️⚪️⚪️⚪️⚪️⚪️
⚪️⚪️⚪️🔴⚪️⚪️⚪️
⚪️⚪️⚪️🔴⚪️⚪️⚪️
⚪️⚪️⚪️🔴⚪️⚪️⚪️
⚪️⚪️⚪️🔴⚪️⚪️⚪️
⚪️⚪️⚪️🔴⚪️⚪️⚪️
⚪️⚪️⚪️⚪️⚪️⚪️⚪️
⚪️⚪️⚪️🔴⚪️⚪️⚪️
⚪️⚪️⚪️⚪️⚪️⚪️⚪️
⚪️⚪️⚪️⚪️⚪️⚪️⚪️
⚪️⚪️⚪️⚪️⚪️⚪️⚪️
⚪️⚪️⚪️⚪️⚪️⚪️⚪️
⚪️⚪️⚪️⚪️⚪️⚪️⚪️
⚪️⚪️⚪️⚪️⚪️⚪️⚪️
⚪️⚪️⚪️⚪️⚪️⚪️⚪️
⚪️⚪️⚪️🔴⚪️⚪️⚪️
⚪️⚪️🔴🔴⚪️⚪️⚪️
⚪️🔴⚪️🔴⚪️⚪️⚪️
⚪️⚪️⚪️🔴⚪️⚪️⚪️
⚪️⚪️⚪️🔴⚪️⚪️⚪️
⚪️⚪️⚪️🔴⚪️⚪️⚪️
⚪️🔴🔴🔴🔴🔴⚪️
⚪️⚪️⚪️⚪️⚪️⚪️⚪️
⚪️⚪️⚪️⚪️⚪️⚪️⚪️
⚪️⚪️🔴🔴🔴⚪️⚪️
⚪️🔴⚪️⚪️⚪️🔴⚪️
⚪️⚪️⚪️⚪️⚪️🔴⚪️
⚪️⚪️⚪️⚪️🔴⚪️⚪️
⚪️⚪️⚪️🔴⚪️⚪️⚪️
⚪️⚪️🔴⚪️⚪️⚪️⚪️
⚪️🔴🔴🔴🔴🔴⚪️
⚪️⚪️⚪️⚪️⚪️⚪️⚪️
⚪️⚪️⚪️⚪️⚪️⚪️⚪️
⚪️⚪️🔴🔴🔴⚪️⚪️
⚪️🔴⚪️⚪️⚪️🔴⚪️
⚪️⚪️⚪️⚪️⚪️🔴⚪️
⚪️⚪️⚪️🔴🔴⚪️⚪️
⚪️⚪️⚪️⚪️⚪️🔴⚪️
⚪️🔴⚪️⚪️⚪️🔴⚪️
⚪️⚪️🔴🔴🔴⚪️⚪️
⚪️⚪️⚪️⚪️⚪️⚪️⚪️
⚪️⚪️⚪️⚪️⚪️⚪️⚪️
⚪️🔴⚪️⚪️⚪️🔴⚪️
⚪️🔴⚪️⚪️⚪️🔴⚪️
⚪️🔴⚪️⚪️⚪️🔴⚪️
⚪️🔴🔴🔴🔴🔴⚪️
⚪️⚪️⚪️⚪️⚪️🔴⚪️
⚪️⚪️⚪️⚪️⚪️🔴⚪️
⚪️⚪️⚪️⚪️⚪️🔴⚪️
⚪️⚪️⚪️⚪️⚪️⚪️⚪️
⚪️⚪️⚪️⚪️⚪️⚪️⚪️
⚪️🔴🔴🔴🔴🔴⚪️
⚪️🔴⚪️⚪️⚪️⚪️⚪️
⚪️🔴⚪️⚪️⚪️⚪️⚪️
⚪️🔴🔴🔴🔴⚪️⚪️
⚪️⚪️⚪️⚪️⚪️🔴⚪️
⚪️🔴⚪️⚪️⚪️🔴⚪️
⚪️⚪️🔴🔴🔴⚪️⚪️
⚪️⚪️⚪️⚪️⚪️⚪️⚪️
⚪️⚪️⚪️⚪️⚪️⚪️⚪️
⚪️⚪️⚪️⚪️🔴⚪️⚪️
⚪️⚪️⚪️🔴⚪️⚪️⚪️
⚪️⚪️🔴⚪️⚪️⚪️⚪️
⚪️🔴🔴🔴🔴⚪️⚪️
⚪️🔴⚪️⚪️⚪️🔴⚪️
⚪️🔴⚪️⚪️⚪️🔴⚪️
⚪️⚪️🔴🔴🔴⚪️⚪️
⚪️⚪️⚪️⚪️⚪️⚪️⚪️
⚪️⚪️⚪️⚪️⚪️⚪️⚪️
⚪️🔴🔴🔴🔴🔴⚪️
⚪️⚪️⚪️⚪️⚪️🔴⚪️
⚪️⚪️⚪️⚪️⚪️🔴⚪️
⚪️⚪️⚪️⚪️🔴⚪️⚪️
⚪️⚪️⚪️🔴⚪️⚪️⚪️
⚪️⚪️🔴⚪️⚪️⚪️⚪️
⚪️🔴⚪️⚪️⚪️⚪️⚪️
⚪️⚪️⚪️⚪️⚪️⚪️⚪️
⚪️⚪️⚪️⚪️⚪️⚪️⚪️
⚪️⚪️🔴🔴🔴⚪️⚪️
⚪️🔴⚪️⚪️⚪️🔴⚪️
⚪️🔴⚪️⚪️⚪️🔴⚪️
⚪️⚪️🔴🔴🔴⚪️⚪️
⚪️🔴⚪️⚪️⚪️🔴⚪️
⚪️🔴⚪️⚪️⚪️🔴⚪️
⚪️⚪️🔴🔴🔴⚪️⚪️
⚪️⚪️⚪️⚪️⚪️⚪️⚪️
⚪️⚪️⚪️⚪️⚪️⚪️⚪️
⚪️⚪️🔴🔴🔴⚪️⚪️
⚪️🔴⚪️⚪️⚪️🔴⚪️
⚪️🔴⚪️⚪️⚪️🔴⚪️
⚪️⚪️🔴🔴🔴🔴⚪️
⚪️⚪️⚪️⚪️🔴⚪️⚪️
⚪️⚪️⚪️🔴⚪️⚪️⚪️
⚪️⚪️🔴⚪️⚪️⚪️⚪️
⚪️⚪️⚪️⚪️⚪️⚪️⚪️
⚪️⚪️⚪️⚪️⚪️⚪️⚪️
⚪️⚪️🔴🔴🔴⚪️⚪️
⚪️🔴⚪️⚪️⚪️🔴⚪️
⚪️🔴⚪️⚪️🔴🔴⚪️
⚪️🔴⚪️🔴⚪️🔴⚪️
⚪️🔴🔴⚪️⚪️🔴⚪️
⚪️🔴⚪️⚪️⚪️🔴⚪️
⚪️⚪️🔴🔴🔴⚪️⚪️
⚪️⚪️⚪️⚪️⚪️⚪️⚪️"
`;
