// Jest Snapshot v1, https://goo.gl/fbAQLP

exports[`create moji message feature should output converted moji message 1`] = `
"⚪️⚪️⚪️⚪️⚪️⚪️⚪️
⚪️🌼⚪️⚪️⚪️🌼⚪️
⚪️🌼⚪️⚪️⚪️🌼⚪️
⚪️🌼⚪️⚪️⚪️🌼⚪️
⚪️🌼🌼🌼🌼🌼⚪️
⚪️🌼⚪️⚪️⚪️🌼⚪️
⚪️🌼⚪️⚪️⚪️🌼⚪️
⚪️🌼⚪️⚪️⚪️🌼⚪️
⚪️⚪️⚪️⚪️⚪️⚪️⚪️
⚪️⚪️⚪️⚪️⚪️⚪️⚪️
⚪️🌼🌼🌼🌼🌼⚪️
⚪️🌼⚪️⚪️⚪️⚪️⚪️
⚪️🌼⚪️⚪️⚪️⚪️⚪️
⚪️🌼🌼🌼🌼⚪️⚪️
⚪️🌼⚪️⚪️⚪️⚪️⚪️
⚪️🌼⚪️⚪️⚪️⚪️⚪️
⚪️🌼🌼🌼🌼🌼⚪️
⚪️⚪️⚪️⚪️⚪️⚪️⚪️
⚪️⚪️⚪️⚪️⚪️⚪️⚪️
⚪️🌼⚪️⚪️⚪️⚪️⚪️
⚪️🌼⚪️⚪️⚪️⚪️⚪️
⚪️🌼⚪️⚪️⚪️⚪️⚪️
⚪️🌼⚪️⚪️⚪️⚪️⚪️
⚪️🌼⚪️⚪️⚪️⚪️⚪️
⚪️🌼⚪️⚪️⚪️⚪️⚪️
⚪️🌼🌼🌼🌼🌼⚪️
⚪️⚪️⚪️⚪️⚪️⚪️⚪️
⚪️⚪️⚪️⚪️⚪️⚪️⚪️
⚪️🌼⚪️⚪️⚪️⚪️⚪️
⚪️🌼⚪️⚪️⚪️⚪️⚪️
⚪️🌼⚪️⚪️⚪️⚪️⚪️
⚪️🌼⚪️⚪️⚪️⚪️⚪️
⚪️🌼⚪️⚪️⚪️⚪️⚪️
⚪️🌼⚪️⚪️⚪️⚪️⚪️
⚪️🌼🌼🌼🌼🌼⚪️
⚪️⚪️⚪️⚪️⚪️⚪️⚪️
⚪️⚪️⚪️⚪️⚪️⚪️⚪️
⚪️⚪️🌼🌼🌼⚪️⚪️
⚪️🌼⚪️⚪️⚪️🌼⚪️
⚪️🌼⚪️⚪️⚪️🌼⚪️
⚪️🌼⚪️⚪️⚪️🌼⚪️
⚪️🌼⚪️⚪️⚪️🌼⚪️
⚪️🌼⚪️⚪️⚪️🌼⚪️
⚪️⚪️🌼🌼🌼⚪️⚪️
⚪️⚪️⚪️⚪️⚪️⚪️⚪️
⚪️⚪️⚪️⚪️⚪️⚪️⚪️
⚪️⚪️⚪️⚪️⚪️⚪️⚪️
⚪️⚪️⚪️⚪️⚪️⚪️⚪️
⚪️⚪️⚪️⚪️⚪️⚪️⚪️
⚪️⚪️⚪️⚪️⚪️⚪️⚪️
⚪️⚪️⚪️⚪️⚪️⚪️⚪️
⚪️🌼⚪️⚪️⚪️🌼⚪️
⚪️🌼⚪️⚪️⚪️🌼⚪️
⚪️🌼⚪️⚪️⚪️🌼⚪️
⚪️🌼⚪️🌼⚪️🌼⚪️
⚪️🌼⚪️🌼⚪️🌼⚪️
⚪️🌼🌼⚪️🌼🌼⚪️
⚪️🌼⚪️⚪️⚪️🌼⚪️
⚪️⚪️⚪️⚪️⚪️⚪️⚪️
⚪️⚪️⚪️⚪️⚪️⚪️⚪️
⚪️⚪️🌼🌼🌼⚪️⚪️
⚪️🌼⚪️⚪️⚪️🌼⚪️
⚪️🌼⚪️⚪️⚪️🌼⚪️
⚪️🌼⚪️⚪️⚪️🌼⚪️
⚪️🌼⚪️⚪️⚪️🌼⚪️
⚪️🌼⚪️⚪️⚪️🌼⚪️
⚪️⚪️🌼🌼🌼⚪️⚪️
⚪️⚪️⚪️⚪️⚪️⚪️⚪️
⚪️⚪️⚪️⚪️⚪️⚪️⚪️
⚪️🌼🌼🌼🌼⚪️⚪️
⚪️🌼⚪️⚪️⚪️🌼⚪️
⚪️🌼⚪️⚪️⚪️🌼⚪️
⚪️🌼🌼🌼🌼⚪️⚪️
⚪️🌼⚪️🌼⚪️⚪️⚪️
⚪️🌼⚪️⚪️🌼⚪️⚪️
⚪️🌼⚪️⚪️⚪️🌼⚪️
⚪️⚪️⚪️⚪️⚪️⚪️⚪️
⚪️⚪️⚪️⚪️⚪️⚪️⚪️
⚪️🌼⚪️⚪️⚪️⚪️⚪️
⚪️🌼⚪️⚪️⚪️⚪️⚪️
⚪️🌼⚪️⚪️⚪️⚪️⚪️
⚪️🌼⚪️⚪️⚪️⚪️⚪️
⚪️🌼⚪️⚪️⚪️⚪️⚪️
⚪️🌼⚪️⚪️⚪️⚪️⚪️
⚪️🌼🌼🌼🌼🌼⚪️
⚪️⚪️⚪️⚪️⚪️⚪️⚪️
⚪️⚪️⚪️⚪️⚪️⚪️⚪️
⚪️🌼🌼🌼🌼⚪️⚪️
⚪️🌼⚪️⚪️⚪️🌼⚪️
⚪️🌼⚪️⚪️⚪️🌼⚪️
⚪️🌼⚪️⚪️⚪️🌼⚪️
⚪️🌼⚪️⚪️⚪️🌼⚪️
⚪️🌼⚪️⚪️⚪️🌼⚪️
⚪️🌼🌼🌼🌼⚪️⚪️
⚪️⚪️⚪️⚪️⚪️⚪️⚪️"
`;
