// Vitest Snapshot v1, https://vitest.dev/guide/snapshot.html

exports[`<ConvertToMojiMessage /> > converts message and emojis to moji message 1`] = `
"âœ¨âœ¨âœ¨âœ¨âœ¨âœ¨âœ¨
âœ¨ğŸ’œâœ¨âœ¨âœ¨ğŸ’œâœ¨
âœ¨ğŸ’œâœ¨âœ¨âœ¨ğŸ’œâœ¨
âœ¨ğŸ’œâœ¨âœ¨âœ¨ğŸ’œâœ¨
âœ¨ğŸ’œğŸ’œğŸ’œğŸ’œğŸ’œâœ¨
âœ¨ğŸ’œâœ¨âœ¨âœ¨ğŸ’œâœ¨
âœ¨ğŸ’œâœ¨âœ¨âœ¨ğŸ’œâœ¨
âœ¨ğŸ’œâœ¨âœ¨âœ¨ğŸ’œâœ¨
âœ¨âœ¨âœ¨âœ¨âœ¨âœ¨âœ¨
âœ¨âœ¨âœ¨âœ¨âœ¨âœ¨âœ¨
âœ¨ğŸ’œğŸ’œğŸ’œğŸ’œğŸ’œâœ¨
âœ¨âœ¨âœ¨ğŸ’œâœ¨âœ¨âœ¨
âœ¨âœ¨âœ¨ğŸ’œâœ¨âœ¨âœ¨
âœ¨âœ¨âœ¨ğŸ’œâœ¨âœ¨âœ¨
âœ¨âœ¨âœ¨ğŸ’œâœ¨âœ¨âœ¨
âœ¨âœ¨âœ¨ğŸ’œâœ¨âœ¨âœ¨
âœ¨ğŸ’œğŸ’œğŸ’œğŸ’œğŸ’œâœ¨
âœ¨âœ¨âœ¨âœ¨âœ¨âœ¨âœ¨"
`;

exports[`<ConvertToMojiMessage /> > copies converted moji message w/ marketing text to clipboard when user clicks copy 1`] = `
"âœ¨âœ¨âœ¨âœ¨âœ¨âœ¨âœ¨
âœ¨ğŸ’œâœ¨âœ¨âœ¨ğŸ’œâœ¨
âœ¨ğŸ’œâœ¨âœ¨âœ¨ğŸ’œâœ¨
âœ¨ğŸ’œâœ¨âœ¨âœ¨ğŸ’œâœ¨
âœ¨ğŸ’œğŸ’œğŸ’œğŸ’œğŸ’œâœ¨
âœ¨ğŸ’œâœ¨âœ¨âœ¨ğŸ’œâœ¨
âœ¨ğŸ’œâœ¨âœ¨âœ¨ğŸ’œâœ¨
âœ¨ğŸ’œâœ¨âœ¨âœ¨ğŸ’œâœ¨
âœ¨âœ¨âœ¨âœ¨âœ¨âœ¨âœ¨
âœ¨âœ¨âœ¨âœ¨âœ¨âœ¨âœ¨
âœ¨ğŸ’œğŸ’œğŸ’œğŸ’œğŸ’œâœ¨
âœ¨âœ¨âœ¨ğŸ’œâœ¨âœ¨âœ¨
âœ¨âœ¨âœ¨ğŸ’œâœ¨âœ¨âœ¨
âœ¨âœ¨âœ¨ğŸ’œâœ¨âœ¨âœ¨
âœ¨âœ¨âœ¨ğŸ’œâœ¨âœ¨âœ¨
âœ¨âœ¨âœ¨ğŸ’œâœ¨âœ¨âœ¨
âœ¨ğŸ’œğŸ’œğŸ’œğŸ’œğŸ’œâœ¨
âœ¨âœ¨âœ¨âœ¨âœ¨âœ¨âœ¨

ğŸš€ Powered by Moji Message (https://emoji.seandodson.com)"
`;
